{"database":"videocall","host":"localhost","level":"info","message":"✅ MongoDB Connected","service":"video-call-api","timestamp":"2026-01-22 18:13:26"}
{"corsOrigins":["http://localhost:3000","http://localhost:5000","http://localhost:3000"],"environment":"development","level":"info","message":"✅ Server LISTENING ON PORT 8000","service":"video-call-api","timestamp":"2026-01-22 18:13:26"}
{"database":"videocall","host":"localhost","level":"info","message":"✅ MongoDB Connected","service":"video-call-api","timestamp":"2026-01-22 18:13:39"}
{"corsOrigins":["http://localhost:3000","http://localhost:5000","http://localhost:3000"],"environment":"development","level":"info","message":"✅ Server LISTENING ON PORT 8000","service":"video-call-api","timestamp":"2026-01-22 18:13:39"}
{"ip":"::1","level":"info","message":"User login successful","service":"video-call-api","timestamp":"2026-01-22 18:17:05","userId":"6970dc7e16ac9d9e0a7c403d","username":"donald"}
{"errors":[{"field":"password","message":"Password must be at least 8 characters long"}],"ip":"::1","level":"warn","message":"Request validation failed","path":"/register","service":"video-call-api","timestamp":"2026-01-22 18:17:46"}
{"ip":"::1","level":"info","message":"User registered successfully","service":"video-call-api","timestamp":"2026-01-22 18:17:53","userId":"69721c79eafb67bafa153735","username":"ritesh"}
{"ip":"::1","level":"info","message":"User login successful","service":"video-call-api","timestamp":"2026-01-22 18:18:03","userId":"69721c79eafb67bafa153735","username":"ritesh"}
{"ip":"::1","level":"warn","message":"Registration failed - username exists","service":"video-call-api","timestamp":"2026-01-22 18:24:42","username":"donald"}
{"code":"APP_ERROR","ip":"::1","level":"error","message":"Request error Username already taken","method":"POST","path":"/api/v1/users/register","service":"video-call-api","stack":"Error: Username already taken\n    at file:///C:/Users/Admin/OneDrive/Desktop/VideoCall/backend/src/controllers/user.controller.js:89:15\n    at process.processTicksAndRejections (node:internal/process/task_queues:105:5)","statusCode":409,"timestamp":"2026-01-22 18:24:42"}
{"database":"test","host":"ac-h0hczpc-shard-00-00.9n2tiqs.mongodb.net","level":"info","message":"✅ MongoDB Connected","service":"video-call-api","timestamp":"2026-01-22 18:26:51"}
{"corsOrigins":["http://localhost:3000","http://localhost:5000","http://localhost:3000"],"environment":"development","level":"info","message":"✅ Server LISTENING ON PORT 8000","service":"video-call-api","timestamp":"2026-01-22 18:26:51"}
{"ip":"::1","level":"info","message":"User registered successfully","service":"video-call-api","timestamp":"2026-01-22 18:27:04","userId":"69721ea03266779b2ce5acdb","username":"donald"}
{"ip":"::1","level":"info","message":"User login successful","service":"video-call-api","timestamp":"2026-01-22 18:27:13","userId":"69721ea03266779b2ce5acdb","username":"donald"}
{"level":"warn","message":"Invalid token","path":"/add_to_activity","service":"video-call-api","timestamp":"2026-01-22 18:27:53"}
{"level":"warn","message":"Invalid token","path":"/add_to_activity","service":"video-call-api","timestamp":"2026-01-22 18:29:29"}
{"database":"test","host":"ac-h0hczpc-shard-00-00.9n2tiqs.mongodb.net","level":"info","message":"✅ MongoDB Connected","service":"video-call-api","timestamp":"2026-01-22 18:30:08"}
{"corsOrigins":["http://localhost:3000","http://localhost:5000","http://localhost:3000"],"environment":"development","level":"info","message":"✅ Server LISTENING ON PORT 8000","service":"video-call-api","timestamp":"2026-01-22 18:30:08"}
{"database":"test","host":"ac-h0hczpc-shard-00-00.9n2tiqs.mongodb.net","level":"info","message":"✅ MongoDB Connected","service":"video-call-api","timestamp":"2026-01-22 18:30:16"}
{"corsOrigins":["http://localhost:3000","http://localhost:5000","http://localhost:3000"],"environment":"development","level":"info","message":"✅ Server LISTENING ON PORT 8000","service":"video-call-api","timestamp":"2026-01-22 18:30:16"}
{"level":"info","message":"User authenticated","service":"video-call-api","timestamp":"2026-01-22 18:30:23","userId":"69721ea03266779b2ce5acdb"}
{"errors":[{"field":"meeting_code","message":"Meeting code must be 5-50 characters (alphanumeric, underscore, hyphen)"}],"ip":"::1","level":"warn","message":"Request validation failed","path":"/add_to_activity","service":"video-call-api","timestamp":"2026-01-22 18:30:23"}
{"database":"test","host":"ac-h0hczpc-shard-00-00.9n2tiqs.mongodb.net","level":"info","message":"✅ MongoDB Connected","service":"video-call-api","timestamp":"2026-01-22 18:30:34"}
{"corsOrigins":["http://localhost:3000","http://localhost:5000","http://localhost:3000"],"environment":"development","level":"info","message":"✅ Server LISTENING ON PORT 8000","service":"video-call-api","timestamp":"2026-01-22 18:30:34"}
{"level":"info","message":"User authenticated","service":"video-call-api","timestamp":"2026-01-22 18:30:42","userId":"69721ea03266779b2ce5acdb"}
{"errors":[{"field":"meeting_code","message":"Meeting code must be 5-50 characters (alphanumeric, underscore, hyphen)"}],"ip":"::1","level":"warn","message":"Request validation failed","path":"/add_to_activity","service":"video-call-api","timestamp":"2026-01-22 18:30:42"}
{"database":"test","host":"ac-h0hczpc-shard-00-00.9n2tiqs.mongodb.net","level":"info","message":"✅ MongoDB Connected","service":"video-call-api","timestamp":"2026-01-22 18:31:11"}
{"corsOrigins":["http://localhost:3000","http://localhost:5000","http://localhost:3000"],"environment":"development","level":"info","message":"✅ Server LISTENING ON PORT 8000","service":"video-call-api","timestamp":"2026-01-22 18:31:11"}
{"database":"test","host":"ac-h0hczpc-shard-00-00.9n2tiqs.mongodb.net","level":"info","message":"✅ MongoDB Connected","service":"video-call-api","timestamp":"2026-01-22 18:31:19"}
{"corsOrigins":["http://localhost:3000","http://localhost:5000","http://localhost:3000"],"environment":"development","level":"info","message":"✅ Server LISTENING ON PORT 8000","service":"video-call-api","timestamp":"2026-01-22 18:31:19"}
{"level":"info","message":"User authenticated","service":"video-call-api","timestamp":"2026-01-22 18:31:47","userId":"69721ea03266779b2ce5acdb"}
{"level":"info","meetingCode":"asda","message":"Meeting added to history","service":"video-call-api","timestamp":"2026-01-22 18:31:47","userId":"69721ea03266779b2ce5acdb"}
{"level":"info","message":"✅ User connected to socket","service":"video-call-api","socketId":"RYPKUPKRhdRN1VsBAAAB","timestamp":"2026-01-22 18:31:57","userId":"69721ea03266779b2ce5acdb","username":"donald"}
{"level":"info","message":"User joined room","room":"http://localhost:3000/asda","service":"video-call-api","socketId":"RYPKUPKRhdRN1VsBAAAB","timestamp":"2026-01-22 18:31:57","totalInRoom":1,"username":"donald"}
{"ip":"::1","level":"info","message":"User registered successfully","service":"video-call-api","timestamp":"2026-01-22 18:32:34","userId":"69721fea26efec2c5826bb10","username":"modi"}
{"ip":"::1","level":"info","message":"User login successful","service":"video-call-api","timestamp":"2026-01-22 18:32:40","userId":"69721fea26efec2c5826bb10","username":"modi"}
{"level":"info","message":"User authenticated","service":"video-call-api","timestamp":"2026-01-22 18:32:47","userId":"69721fea26efec2c5826bb10"}
{"level":"info","meetingCode":"asda","message":"Meeting added to history","service":"video-call-api","timestamp":"2026-01-22 18:32:47","userId":"69721fea26efec2c5826bb10"}
{"level":"info","message":"✅ User connected to socket","service":"video-call-api","socketId":"jOm82YGBNKO6TtGJAAAD","timestamp":"2026-01-22 18:32:59","userId":"69721fea26efec2c5826bb10","username":"modi"}
{"level":"info","message":"User joined room","room":"http://localhost:3000/asda","service":"video-call-api","socketId":"jOm82YGBNKO6TtGJAAAD","timestamp":"2026-01-22 18:32:59","totalInRoom":2,"username":"modi"}
{"level":"info","message":"✅ User connected to socket","service":"video-call-api","socketId":"Y-MW4zgTq-UQvqicAAAH","timestamp":"2026-01-22 18:35:11","userId":"69721fea26efec2c5826bb10","username":"modi"}
{"duration":"194.85s","level":"info","message":"User disconnected","service":"video-call-api","socketId":"RYPKUPKRhdRN1VsBAAAB","timestamp":"2026-01-22 18:35:12","username":"donald"}
{"level":"info","message":"User left room","remainingInRoom":1,"room":"http://localhost:3000/asda","service":"video-call-api","socketId":"RYPKUPKRhdRN1VsBAAAB","timestamp":"2026-01-22 18:35:12"}
{"duration":"132.88s","level":"info","message":"User disconnected","service":"video-call-api","socketId":"jOm82YGBNKO6TtGJAAAD","timestamp":"2026-01-22 18:35:12","username":"modi"}
{"level":"info","message":"User left room","remainingInRoom":0,"room":"http://localhost:3000/asda","service":"video-call-api","socketId":"jOm82YGBNKO6TtGJAAAD","timestamp":"2026-01-22 18:35:12"}
{"level":"info","message":"User joined room","room":"http://localhost:3000/asda","service":"video-call-api","socketId":"Y-MW4zgTq-UQvqicAAAH","timestamp":"2026-01-22 18:35:12","totalInRoom":1,"username":"modi"}
{"from":"Y-MW4zgTq-UQvqicAAAH","level":"warn","message":"Signal to invalid recipient","service":"video-call-api","timestamp":"2026-01-22 18:35:14","to":"RYPKUPKRhdRN1VsBAAAB"}
{"from":"Y-MW4zgTq-UQvqicAAAH","level":"warn","message":"Signal to invalid recipient","service":"video-call-api","timestamp":"2026-01-22 18:35:14","to":"jOm82YGBNKO6TtGJAAAD"}
{"from":"Y-MW4zgTq-UQvqicAAAH","level":"warn","message":"Signal to invalid recipient","service":"video-call-api","timestamp":"2026-01-22 18:35:14","to":"jOm82YGBNKO6TtGJAAAD"}
{"from":"Y-MW4zgTq-UQvqicAAAH","level":"warn","message":"Signal to invalid recipient","service":"video-call-api","timestamp":"2026-01-22 18:35:14","to":"jOm82YGBNKO6TtGJAAAD"}
{"from":"Y-MW4zgTq-UQvqicAAAH","level":"warn","message":"Signal to invalid recipient","service":"video-call-api","timestamp":"2026-01-22 18:35:14","to":"jOm82YGBNKO6TtGJAAAD"}
{"from":"Y-MW4zgTq-UQvqicAAAH","level":"warn","message":"Signal to invalid recipient","service":"video-call-api","timestamp":"2026-01-22 18:35:14","to":"jOm82YGBNKO6TtGJAAAD"}
{"from":"Y-MW4zgTq-UQvqicAAAH","level":"warn","message":"Signal to invalid recipient","service":"video-call-api","timestamp":"2026-01-22 18:35:14","to":"jOm82YGBNKO6TtGJAAAD"}
{"from":"Y-MW4zgTq-UQvqicAAAH","level":"warn","message":"Signal to invalid recipient","service":"video-call-api","timestamp":"2026-01-22 18:35:14","to":"jOm82YGBNKO6TtGJAAAD"}
{"from":"Y-MW4zgTq-UQvqicAAAH","level":"warn","message":"Signal to invalid recipient","service":"video-call-api","timestamp":"2026-01-22 18:35:14","to":"jOm82YGBNKO6TtGJAAAD"}
{"from":"Y-MW4zgTq-UQvqicAAAH","level":"warn","message":"Signal to invalid recipient","service":"video-call-api","timestamp":"2026-01-22 18:35:14","to":"jOm82YGBNKO6TtGJAAAD"}
{"from":"Y-MW4zgTq-UQvqicAAAH","level":"warn","message":"Signal to invalid recipient","service":"video-call-api","timestamp":"2026-01-22 18:35:14","to":"jOm82YGBNKO6TtGJAAAD"}
{"from":"Y-MW4zgTq-UQvqicAAAH","level":"warn","message":"Signal to invalid recipient","service":"video-call-api","timestamp":"2026-01-22 18:35:14","to":"jOm82YGBNKO6TtGJAAAD"}
{"from":"Y-MW4zgTq-UQvqicAAAH","level":"warn","message":"Signal to invalid recipient","service":"video-call-api","timestamp":"2026-01-22 18:35:14","to":"jOm82YGBNKO6TtGJAAAD"}
{"from":"Y-MW4zgTq-UQvqicAAAH","level":"warn","message":"Signal to invalid recipient","service":"video-call-api","timestamp":"2026-01-22 18:35:14","to":"jOm82YGBNKO6TtGJAAAD"}
{"from":"Y-MW4zgTq-UQvqicAAAH","level":"warn","message":"Signal to invalid recipient","service":"video-call-api","timestamp":"2026-01-22 18:35:14","to":"jOm82YGBNKO6TtGJAAAD"}
{"from":"Y-MW4zgTq-UQvqicAAAH","level":"warn","message":"Signal to invalid recipient","service":"video-call-api","timestamp":"2026-01-22 18:35:14","to":"jOm82YGBNKO6TtGJAAAD"}
{"from":"Y-MW4zgTq-UQvqicAAAH","level":"warn","message":"Signal to invalid recipient","service":"video-call-api","timestamp":"2026-01-22 18:35:14","to":"jOm82YGBNKO6TtGJAAAD"}
{"from":"Y-MW4zgTq-UQvqicAAAH","level":"warn","message":"Signal to invalid recipient","service":"video-call-api","timestamp":"2026-01-22 18:35:14","to":"jOm82YGBNKO6TtGJAAAD"}
{"from":"Y-MW4zgTq-UQvqicAAAH","level":"warn","message":"Signal to invalid recipient","service":"video-call-api","timestamp":"2026-01-22 18:35:14","to":"jOm82YGBNKO6TtGJAAAD"}
{"from":"Y-MW4zgTq-UQvqicAAAH","level":"warn","message":"Signal to invalid recipient","service":"video-call-api","timestamp":"2026-01-22 18:35:14","to":"jOm82YGBNKO6TtGJAAAD"}
{"from":"Y-MW4zgTq-UQvqicAAAH","level":"warn","message":"Signal to invalid recipient","service":"video-call-api","timestamp":"2026-01-22 18:35:14","to":"jOm82YGBNKO6TtGJAAAD"}
{"from":"Y-MW4zgTq-UQvqicAAAH","level":"warn","message":"Signal to invalid recipient","service":"video-call-api","timestamp":"2026-01-22 18:35:14","to":"jOm82YGBNKO6TtGJAAAD"}
{"from":"Y-MW4zgTq-UQvqicAAAH","level":"warn","message":"Signal to invalid recipient","service":"video-call-api","timestamp":"2026-01-22 18:35:14","to":"jOm82YGBNKO6TtGJAAAD"}
{"from":"Y-MW4zgTq-UQvqicAAAH","level":"warn","message":"Signal to invalid recipient","service":"video-call-api","timestamp":"2026-01-22 18:35:14","to":"jOm82YGBNKO6TtGJAAAD"}
{"from":"Y-MW4zgTq-UQvqicAAAH","level":"warn","message":"Signal to invalid recipient","service":"video-call-api","timestamp":"2026-01-22 18:35:14","to":"jOm82YGBNKO6TtGJAAAD"}
{"from":"Y-MW4zgTq-UQvqicAAAH","level":"warn","message":"Signal to invalid recipient","service":"video-call-api","timestamp":"2026-01-22 18:35:14","to":"jOm82YGBNKO6TtGJAAAD"}
{"from":"Y-MW4zgTq-UQvqicAAAH","level":"warn","message":"Signal to invalid recipient","service":"video-call-api","timestamp":"2026-01-22 18:35:14","to":"jOm82YGBNKO6TtGJAAAD"}
{"from":"Y-MW4zgTq-UQvqicAAAH","level":"warn","message":"Signal to invalid recipient","service":"video-call-api","timestamp":"2026-01-22 18:35:14","to":"jOm82YGBNKO6TtGJAAAD"}
{"from":"Y-MW4zgTq-UQvqicAAAH","level":"warn","message":"Signal to invalid recipient","service":"video-call-api","timestamp":"2026-01-22 18:35:14","to":"jOm82YGBNKO6TtGJAAAD"}
{"from":"Y-MW4zgTq-UQvqicAAAH","level":"warn","message":"Signal to invalid recipient","service":"video-call-api","timestamp":"2026-01-22 18:35:14","to":"jOm82YGBNKO6TtGJAAAD"}
{"level":"info","message":"✅ User connected to socket","service":"video-call-api","socketId":"znNHLkToj9PuNjXuAAAI","timestamp":"2026-01-22 18:35:16","userId":"69721ea03266779b2ce5acdb","username":"donald"}
{"level":"info","message":"User joined room","room":"http://localhost:3000/asda","service":"video-call-api","socketId":"znNHLkToj9PuNjXuAAAI","timestamp":"2026-01-22 18:35:17","totalInRoom":2,"username":"donald"}
{"from":"znNHLkToj9PuNjXuAAAI","level":"warn","message":"Signal to invalid recipient","service":"video-call-api","timestamp":"2026-01-22 18:35:19","to":"RYPKUPKRhdRN1VsBAAAB"}
{"from":"znNHLkToj9PuNjXuAAAI","level":"warn","message":"Signal to invalid recipient","service":"video-call-api","timestamp":"2026-01-22 18:35:19","to":"jOm82YGBNKO6TtGJAAAD"}
{"from":"znNHLkToj9PuNjXuAAAI","level":"warn","message":"Signal to invalid recipient","service":"video-call-api","timestamp":"2026-01-22 18:35:19","to":"jOm82YGBNKO6TtGJAAAD"}
{"from":"znNHLkToj9PuNjXuAAAI","level":"warn","message":"Signal to invalid recipient","service":"video-call-api","timestamp":"2026-01-22 18:35:20","to":"RYPKUPKRhdRN1VsBAAAB"}
{"from":"znNHLkToj9PuNjXuAAAI","level":"warn","message":"Signal to invalid recipient","service":"video-call-api","timestamp":"2026-01-22 18:35:20","to":"RYPKUPKRhdRN1VsBAAAB"}
{"from":"znNHLkToj9PuNjXuAAAI","level":"warn","message":"Signal to invalid recipient","service":"video-call-api","timestamp":"2026-01-22 18:35:20","to":"RYPKUPKRhdRN1VsBAAAB"}
{"from":"znNHLkToj9PuNjXuAAAI","level":"warn","message":"Signal to invalid recipient","service":"video-call-api","timestamp":"2026-01-22 18:35:20","to":"RYPKUPKRhdRN1VsBAAAB"}
{"from":"znNHLkToj9PuNjXuAAAI","level":"warn","message":"Signal to invalid recipient","service":"video-call-api","timestamp":"2026-01-22 18:35:20","to":"RYPKUPKRhdRN1VsBAAAB"}
{"from":"znNHLkToj9PuNjXuAAAI","level":"warn","message":"Signal to invalid recipient","service":"video-call-api","timestamp":"2026-01-22 18:35:20","to":"RYPKUPKRhdRN1VsBAAAB"}
{"from":"znNHLkToj9PuNjXuAAAI","level":"warn","message":"Signal to invalid recipient","service":"video-call-api","timestamp":"2026-01-22 18:35:20","to":"RYPKUPKRhdRN1VsBAAAB"}
{"from":"znNHLkToj9PuNjXuAAAI","level":"warn","message":"Signal to invalid recipient","service":"video-call-api","timestamp":"2026-01-22 18:35:20","to":"RYPKUPKRhdRN1VsBAAAB"}
{"duration":"15.38s","level":"info","message":"User disconnected","service":"video-call-api","socketId":"Y-MW4zgTq-UQvqicAAAH","timestamp":"2026-01-22 18:35:27","username":"modi"}
{"level":"info","message":"User left room","remainingInRoom":1,"room":"http://localhost:3000/asda","service":"video-call-api","socketId":"Y-MW4zgTq-UQvqicAAAH","timestamp":"2026-01-22 18:35:27"}
{"ip":"::1","level":"info","message":"User login successful","service":"video-call-api","timestamp":"2026-01-22 18:35:43","userId":"69721fea26efec2c5826bb10","username":"modi"}
{"from":"znNHLkToj9PuNjXuAAAI","level":"warn","message":"Signal to invalid recipient","service":"video-call-api","timestamp":"2026-01-22 18:35:59","to":"RYPKUPKRhdRN1VsBAAAB"}
{"from":"znNHLkToj9PuNjXuAAAI","level":"warn","message":"Signal to invalid recipient","service":"video-call-api","timestamp":"2026-01-22 18:35:59","to":"jOm82YGBNKO6TtGJAAAD"}
{"from":"znNHLkToj9PuNjXuAAAI","level":"warn","message":"Signal to invalid recipient","service":"video-call-api","timestamp":"2026-01-22 18:35:59","to":"Y-MW4zgTq-UQvqicAAAH"}
{"from":"znNHLkToj9PuNjXuAAAI","level":"warn","message":"Signal to invalid recipient","service":"video-call-api","timestamp":"2026-01-22 18:35:59","to":"RYPKUPKRhdRN1VsBAAAB"}
{"from":"znNHLkToj9PuNjXuAAAI","level":"warn","message":"Signal to invalid recipient","service":"video-call-api","timestamp":"2026-01-22 18:35:59","to":"RYPKUPKRhdRN1VsBAAAB"}
{"from":"znNHLkToj9PuNjXuAAAI","level":"warn","message":"Signal to invalid recipient","service":"video-call-api","timestamp":"2026-01-22 18:35:59","to":"RYPKUPKRhdRN1VsBAAAB"}
{"from":"znNHLkToj9PuNjXuAAAI","level":"warn","message":"Signal to invalid recipient","service":"video-call-api","timestamp":"2026-01-22 18:35:59","to":"RYPKUPKRhdRN1VsBAAAB"}
{"duration":"47.90s","level":"info","message":"User disconnected","service":"video-call-api","socketId":"znNHLkToj9PuNjXuAAAI","timestamp":"2026-01-22 18:36:05","username":"donald"}
{"level":"info","message":"User left room","remainingInRoom":0,"room":"http://localhost:3000/asda","service":"video-call-api","socketId":"znNHLkToj9PuNjXuAAAI","timestamp":"2026-01-22 18:36:05"}
{"ip":"::1","level":"info","message":"User login successful","service":"video-call-api","timestamp":"2026-01-22 18:36:16","userId":"69721ea03266779b2ce5acdb","username":"donald"}
{"database":"test","host":"ac-h0hczpc-shard-00-00.9n2tiqs.mongodb.net","level":"info","message":"✅ MongoDB Connected","service":"video-call-api","timestamp":"2026-01-22 19:02:11"}
{"corsOrigins":["http://localhost:3000","http://localhost:5000","http://localhost:3000"],"environment":"development","level":"info","message":"✅ Server LISTENING ON PORT 8000","service":"video-call-api","timestamp":"2026-01-22 19:02:11"}
{"ip":"::1","level":"warn","message":"Login failed - user not found","service":"video-call-api","timestamp":"2026-01-22 19:02:31","username":"amit"}
{"code":"APP_ERROR","ip":"::1","level":"error","message":"Request error Invalid username or password","method":"POST","path":"/api/v1/users/login","service":"video-call-api","stack":"Error: Invalid username or password\n    at file:///C:/Users/Admin/OneDrive/Desktop/VideoCall/backend/src/controllers/user.controller.js:25:15\n    at process.processTicksAndRejections (node:internal/process/task_queues:105:5)","statusCode":401,"timestamp":"2026-01-22 19:02:31"}
{"ip":"::1","level":"info","message":"User registered successfully","service":"video-call-api","timestamp":"2026-01-22 19:03:03","userId":"6972270e71c161c924bb97c9","username":"amit"}
{"ip":"::1","level":"info","message":"User login successful","service":"video-call-api","timestamp":"2026-01-22 19:03:10","userId":"6972270e71c161c924bb97c9","username":"amit"}
{"ip":"::1","level":"info","message":"User login successful","service":"video-call-api","timestamp":"2026-01-22 19:36:35","userId":"69721ea03266779b2ce5acdb","username":"donald"}
{"level":"info","message":"User authenticated","service":"video-call-api","timestamp":"2026-01-22 19:37:34","userId":"69721ea03266779b2ce5acdb"}
{"level":"info","message":"User history retrieved","service":"video-call-api","timestamp":"2026-01-22 19:37:34","userId":"69721ea03266779b2ce5acdb"}
{"level":"info","message":"User authenticated","service":"video-call-api","timestamp":"2026-01-22 19:37:34","userId":"69721ea03266779b2ce5acdb"}
{"level":"info","message":"User history retrieved","service":"video-call-api","timestamp":"2026-01-22 19:37:34","userId":"69721ea03266779b2ce5acdb"}
{"level":"info","message":"User authenticated","service":"video-call-api","timestamp":"2026-01-22 19:37:48","userId":"69721ea03266779b2ce5acdb"}
{"level":"info","meetingCode":"7rnq6hxo7pqtcdz9rces8","message":"Meeting added to history","service":"video-call-api","timestamp":"2026-01-22 19:37:49","userId":"69721ea03266779b2ce5acdb"}
{"level":"info","message":"✅ User connected to socket","service":"video-call-api","socketId":"ZnsxJP_5ICvLRbBrAAAB","timestamp":"2026-01-22 19:37:56","userId":"69721ea03266779b2ce5acdb","username":"donald"}
{"level":"info","message":"User joined room","room":"http://localhost:3000/7rnq6hxo7pqtcdz9rces8","service":"video-call-api","socketId":"ZnsxJP_5ICvLRbBrAAAB","timestamp":"2026-01-22 19:37:56","totalInRoom":1,"username":"donald"}
{"duration":"49.28s","level":"info","message":"User disconnected","service":"video-call-api","socketId":"ZnsxJP_5ICvLRbBrAAAB","timestamp":"2026-01-22 19:38:45","username":"donald"}
{"level":"info","message":"User left room","remainingInRoom":0,"room":"http://localhost:3000/7rnq6hxo7pqtcdz9rces8","service":"video-call-api","socketId":"ZnsxJP_5ICvLRbBrAAAB","timestamp":"2026-01-22 19:38:45"}
{"database":"test","host":"ac-h0hczpc-shard-00-00.9n2tiqs.mongodb.net","level":"info","message":"✅ MongoDB Connected","service":"video-call-api","timestamp":"2026-01-23 12:44:56"}
{"corsOrigins":["http://localhost:3000","http://localhost:5000","http://localhost:3000"],"environment":"development","level":"info","message":"✅ Server LISTENING ON PORT 8000","service":"video-call-api","timestamp":"2026-01-23 12:44:56"}
{"level":"warn","message":"CORS blocked request from origin","origin":"http://localhost:3001","service":"video-call-api","timestamp":"2026-01-23 12:50:51"}
{"ip":"::1","level":"error","message":"Request error CORS not allowed for this origin","method":"OPTIONS","path":"/api/v1/users/login","service":"video-call-api","stack":"Error: CORS not allowed for this origin\n    at origin (file:///C:/Users/Admin/OneDrive/Desktop/VideoCall/backend/src/app.js:46:26)\n    at C:\\Users\\Admin\\OneDrive\\Desktop\\VideoCall\\backend\\node_modules\\cors\\lib\\index.js:219:13\n    at optionsCallback (C:\\Users\\Admin\\OneDrive\\Desktop\\VideoCall\\backend\\node_modules\\cors\\lib\\index.js:199:9)\n    at corsMiddleware (C:\\Users\\Admin\\OneDrive\\Desktop\\VideoCall\\backend\\node_modules\\cors\\lib\\index.js:204:7)\n    at Layer.handle [as handle_request] (C:\\Users\\Admin\\OneDrive\\Desktop\\VideoCall\\backend\\node_modules\\express\\lib\\router\\layer.js:95:5)\n    at trim_prefix (C:\\Users\\Admin\\OneDrive\\Desktop\\VideoCall\\backend\\node_modules\\express\\lib\\router\\index.js:328:13)\n    at C:\\Users\\Admin\\OneDrive\\Desktop\\VideoCall\\backend\\node_modules\\express\\lib\\router\\index.js:286:9\n    at Function.process_params (C:\\Users\\Admin\\OneDrive\\Desktop\\VideoCall\\backend\\node_modules\\express\\lib\\router\\index.js:346:12)\n    at next (C:\\Users\\Admin\\OneDrive\\Desktop\\VideoCall\\backend\\node_modules\\express\\lib\\router\\index.js:280:10)\n    at internalNext (file:///C:/Users/Admin/OneDrive/Desktop/VideoCall/backend/node_modules/helmet/index.mjs:533:6)","statusCode":500,"timestamp":"2026-01-23 12:50:51"}
{"database":"test","host":"ac-h0hczpc-shard-00-00.9n2tiqs.mongodb.net","level":"info","message":"✅ MongoDB Connected","service":"video-call-api","timestamp":"2026-01-23 12:51:13"}
{"corsOrigins":["http://localhost:3000","http://localhost:5000","http://localhost:3000"],"environment":"development","level":"info","message":"✅ Server LISTENING ON PORT 8000","service":"video-call-api","timestamp":"2026-01-23 12:51:13"}
{"level":"warn","message":"CORS blocked request from origin","origin":"http://localhost:3001","service":"video-call-api","timestamp":"2026-01-23 12:51:20"}
{"ip":"::1","level":"error","message":"Request error CORS not allowed for this origin","method":"OPTIONS","path":"/api/v1/users/login","service":"video-call-api","stack":"Error: CORS not allowed for this origin\n    at origin (file:///C:/Users/Admin/OneDrive/Desktop/VideoCall/backend/src/app.js:46:26)\n    at C:\\Users\\Admin\\OneDrive\\Desktop\\VideoCall\\backend\\node_modules\\cors\\lib\\index.js:219:13\n    at optionsCallback (C:\\Users\\Admin\\OneDrive\\Desktop\\VideoCall\\backend\\node_modules\\cors\\lib\\index.js:199:9)\n    at corsMiddleware (C:\\Users\\Admin\\OneDrive\\Desktop\\VideoCall\\backend\\node_modules\\cors\\lib\\index.js:204:7)\n    at Layer.handle [as handle_request] (C:\\Users\\Admin\\OneDrive\\Desktop\\VideoCall\\backend\\node_modules\\express\\lib\\router\\layer.js:95:5)\n    at trim_prefix (C:\\Users\\Admin\\OneDrive\\Desktop\\VideoCall\\backend\\node_modules\\express\\lib\\router\\index.js:328:13)\n    at C:\\Users\\Admin\\OneDrive\\Desktop\\VideoCall\\backend\\node_modules\\express\\lib\\router\\index.js:286:9\n    at Function.process_params (C:\\Users\\Admin\\OneDrive\\Desktop\\VideoCall\\backend\\node_modules\\express\\lib\\router\\index.js:346:12)\n    at next (C:\\Users\\Admin\\OneDrive\\Desktop\\VideoCall\\backend\\node_modules\\express\\lib\\router\\index.js:280:10)\n    at internalNext (file:///C:/Users/Admin/OneDrive/Desktop/VideoCall/backend/node_modules/helmet/index.mjs:533:6)","statusCode":500,"timestamp":"2026-01-23 12:51:20"}
{"database":"test","host":"ac-h0hczpc-shard-00-00.9n2tiqs.mongodb.net","level":"info","message":"✅ MongoDB Connected","service":"video-call-api","timestamp":"2026-01-23 12:51:48"}
{"corsOrigins":["http://localhost:3000","http://localhost:3001","http://localhost:5000","http://localhost:3000"],"environment":"development","level":"info","message":"✅ Server LISTENING ON PORT 8000","service":"video-call-api","timestamp":"2026-01-23 12:51:48"}
{"database":"test","host":"ac-h0hczpc-shard-00-00.9n2tiqs.mongodb.net","level":"info","message":"✅ MongoDB Connected","service":"video-call-api","timestamp":"2026-01-23 12:51:58"}
{"corsOrigins":["http://localhost:3000","http://localhost:3001","http://localhost:5000","http://localhost:3000"],"environment":"development","level":"info","message":"✅ Server LISTENING ON PORT 8000","service":"video-call-api","timestamp":"2026-01-23 12:51:58"}
{"ip":"::1","level":"info","message":"User login successful","service":"video-call-api","timestamp":"2026-01-23 12:52:15","userId":"69721fea26efec2c5826bb10","username":"modi"}
{"level":"info","message":"User authenticated","service":"video-call-api","timestamp":"2026-01-23 12:52:26","userId":"69721fea26efec2c5826bb10"}
{"level":"info","meetingCode":"ydo0hgom96f6b4shfij92v","message":"Meeting added to history","service":"video-call-api","timestamp":"2026-01-23 12:52:26","userId":"69721fea26efec2c5826bb10"}
{"ip":"::1","level":"info","message":"User login successful","service":"video-call-api","timestamp":"2026-01-23 12:53:29","userId":"69721ea03266779b2ce5acdb","username":"donald"}
{"level":"info","message":"User authenticated","service":"video-call-api","timestamp":"2026-01-23 12:53:45","userId":"69721ea03266779b2ce5acdb"}
{"level":"info","message":"User history retrieved","service":"video-call-api","timestamp":"2026-01-23 12:53:45","userId":"69721ea03266779b2ce5acdb"}
{"level":"info","message":"User authenticated","service":"video-call-api","timestamp":"2026-01-23 12:53:45","userId":"69721ea03266779b2ce5acdb"}
{"level":"info","message":"User history retrieved","service":"video-call-api","timestamp":"2026-01-23 12:53:45","userId":"69721ea03266779b2ce5acdb"}
{"ip":"::1","level":"info","message":"User login successful","service":"video-call-api","timestamp":"2026-01-23 12:54:42","userId":"69721ea03266779b2ce5acdb","username":"donald"}
{"level":"info","message":"User authenticated","service":"video-call-api","timestamp":"2026-01-23 12:54:46","userId":"69721ea03266779b2ce5acdb"}
{"level":"info","meetingCode":"v9qb0rimy2b03gwlkknclbe","message":"Meeting added to history","service":"video-call-api","timestamp":"2026-01-23 12:54:46","userId":"69721ea03266779b2ce5acdb"}
{"level":"info","message":"✅ User connected to socket","service":"video-call-api","socketId":"KcYoBXWP6R9cy5a7AAAT","timestamp":"2026-01-23 12:54:53","userId":"69721ea03266779b2ce5acdb","username":"donald"}
{"level":"info","message":"User joined room","room":"http://localhost:3000/v9qb0rimy2b03gwlkknclbe","service":"video-call-api","socketId":"KcYoBXWP6R9cy5a7AAAT","timestamp":"2026-01-23 12:54:53","totalInRoom":1,"username":"donald"}
{"duration":"20.65s","level":"info","message":"User disconnected","service":"video-call-api","socketId":"KcYoBXWP6R9cy5a7AAAT","timestamp":"2026-01-23 12:55:13","username":"donald"}
{"level":"info","message":"User left room","remainingInRoom":0,"room":"http://localhost:3000/v9qb0rimy2b03gwlkknclbe","service":"video-call-api","socketId":"KcYoBXWP6R9cy5a7AAAT","timestamp":"2026-01-23 12:55:13"}
{"level":"info","message":"User authenticated","service":"video-call-api","timestamp":"2026-01-23 12:55:20","userId":"69721ea03266779b2ce5acdb"}
{"level":"info","meetingCode":"7vc34pbd6wvlbgx8a1126e","message":"Meeting added to history","service":"video-call-api","timestamp":"2026-01-23 12:55:20","userId":"69721ea03266779b2ce5acdb"}
{"level":"info","message":"User authenticated","service":"video-call-api","timestamp":"2026-01-23 13:00:22","userId":"69721ea03266779b2ce5acdb"}
{"level":"info","message":"User history retrieved","service":"video-call-api","timestamp":"2026-01-23 13:00:22","userId":"69721ea03266779b2ce5acdb"}
{"level":"info","message":"User authenticated","service":"video-call-api","timestamp":"2026-01-23 13:00:22","userId":"69721ea03266779b2ce5acdb"}
{"level":"info","message":"User history retrieved","service":"video-call-api","timestamp":"2026-01-23 13:00:22","userId":"69721ea03266779b2ce5acdb"}
{"level":"info","message":"User authenticated","service":"video-call-api","timestamp":"2026-01-23 13:01:26","userId":"69721ea03266779b2ce5acdb"}
{"level":"info","meetingCode":"y4f5clvdtwppgbxgr71ol","message":"Meeting added to history","service":"video-call-api","timestamp":"2026-01-23 13:01:26","userId":"69721ea03266779b2ce5acdb"}
{"database":"test","host":"ac-h0hczpc-shard-00-00.9n2tiqs.mongodb.net","level":"info","message":"✅ MongoDB Connected","service":"video-call-api","timestamp":"2026-01-23 13:01:48"}
{"corsOrigins":["http://localhost:3000","http://localhost:3001","http://localhost:5000","http://localhost:3000"],"environment":"development","level":"info","message":"✅ Server LISTENING ON PORT 8000","service":"video-call-api","timestamp":"2026-01-23 13:01:48"}
{"database":"test","host":"ac-h0hczpc-shard-00-00.9n2tiqs.mongodb.net","level":"info","message":"✅ MongoDB Connected","service":"video-call-api","timestamp":"2026-01-23 13:01:57"}
{"corsOrigins":["http://localhost:3000","http://localhost:3001","http://localhost:5000","http://localhost:3000"],"environment":"development","level":"info","message":"✅ Server LISTENING ON PORT 8000","service":"video-call-api","timestamp":"2026-01-23 13:01:57"}
{"database":"test","host":"ac-h0hczpc-shard-00-00.9n2tiqs.mongodb.net","level":"info","message":"✅ MongoDB Connected","service":"video-call-api","timestamp":"2026-01-23 13:10:16"}
{"corsOrigins":["http://localhost:3000","http://localhost:3001","http://localhost:5000","http://localhost:3000"],"environment":"development","level":"info","message":"✅ Server LISTENING ON PORT 8000","service":"video-call-api","timestamp":"2026-01-23 13:10:16"}
{"level":"warn","message":"Invalid token","path":"/add_to_activity","service":"video-call-api","timestamp":"2026-01-23 13:10:24"}
{"level":"warn","message":"Invalid token","path":"/add_to_activity","service":"video-call-api","timestamp":"2026-01-23 13:10:26"}
{"level":"warn","message":"Invalid token","path":"/add_to_activity","service":"video-call-api","timestamp":"2026-01-23 13:10:30"}
{"level":"warn","message":"Invalid token","path":"/add_to_activity","service":"video-call-api","timestamp":"2026-01-23 13:10:31"}
{"ip":"::1","level":"info","message":"User login successful","service":"video-call-api","timestamp":"2026-01-23 13:10:47","userId":"69721fea26efec2c5826bb10","username":"modi"}
{"level":"warn","message":"Invalid token","path":"/add_to_activity","service":"video-call-api","timestamp":"2026-01-23 13:10:50"}
{"level":"warn","message":"Invalid token","path":"/add_to_activity","service":"video-call-api","timestamp":"2026-01-23 13:10:52"}
{"level":"warn","message":"Invalid token","path":"/add_to_activity","service":"video-call-api","timestamp":"2026-01-23 13:10:56"}
{"database":"test","host":"ac-h0hczpc-shard-00-00.9n2tiqs.mongodb.net","level":"info","message":"✅ MongoDB Connected","service":"video-call-api","timestamp":"2026-01-23 13:11:45"}
{"corsOrigins":["http://localhost:3000","http://localhost:3001","http://localhost:5000","http://localhost:3000"],"environment":"development","level":"info","message":"✅ Server LISTENING ON PORT 8000","service":"video-call-api","timestamp":"2026-01-23 13:11:45"}
{"database":"test","host":"ac-h0hczpc-shard-00-00.9n2tiqs.mongodb.net","level":"info","message":"✅ MongoDB Connected","service":"video-call-api","timestamp":"2026-01-23 13:11:52"}
{"corsOrigins":["http://localhost:3000","http://localhost:3001","http://localhost:5000","http://localhost:3001"],"environment":"development","level":"info","message":"✅ Server LISTENING ON PORT 8000","service":"video-call-api","timestamp":"2026-01-23 13:11:52"}
{"database":"test","host":"ac-h0hczpc-shard-00-00.9n2tiqs.mongodb.net","level":"info","message":"✅ MongoDB Connected","service":"video-call-api","timestamp":"2026-01-23 13:11:59"}
{"database":"test","host":"ac-h0hczpc-shard-00-00.9n2tiqs.mongodb.net","level":"info","message":"✅ MongoDB Connected","service":"video-call-api","timestamp":"2026-01-23 13:12:34"}
{"corsOrigins":["http://localhost:3000","http://localhost:3001","http://localhost:5000","http://localhost:3001"],"environment":"development","level":"info","message":"✅ Server LISTENING ON PORT 8000","service":"video-call-api","timestamp":"2026-01-23 13:12:34"}
{"database":"test","host":"ac-h0hczpc-shard-00-00.9n2tiqs.mongodb.net","level":"info","message":"✅ MongoDB Connected","service":"video-call-api","timestamp":"2026-01-23 13:13:22"}
{"corsOrigins":["http://localhost:3000","http://localhost:3001","http://localhost:5000","http://localhost:3001"],"environment":"development","level":"info","message":"✅ Server LISTENING ON PORT 8000","service":"video-call-api","timestamp":"2026-01-23 13:13:22"}
{"ip":"::1","level":"info","message":"User login successful","service":"video-call-api","timestamp":"2026-01-23 13:13:46","userId":"69721fea26efec2c5826bb10","username":"modi"}
{"error":"invalid signature","level":"warn","message":"Invalid token","path":"/add_to_activity","service":"video-call-api","timestamp":"2026-01-23 13:13:54","tokenLength":219}
{"error":"invalid signature","level":"warn","message":"Invalid token","path":"/add_to_activity","service":"video-call-api","timestamp":"2026-01-23 13:13:55","tokenLength":219}
{"ip":"::1","level":"info","message":"User login successful","service":"video-call-api","timestamp":"2026-01-23 13:14:34","userId":"69721ea03266779b2ce5acdb","username":"donald"}
{"error":"invalid signature","level":"warn","message":"Invalid token","path":"/add_to_activity","service":"video-call-api","timestamp":"2026-01-23 13:14:37","tokenLength":224}
{"database":"test","host":"ac-h0hczpc-shard-00-00.9n2tiqs.mongodb.net","level":"info","message":"✅ MongoDB Connected","service":"video-call-api","timestamp":"2026-01-23 13:14:43"}
{"corsOrigins":["http://localhost:3000","http://localhost:3001","http://localhost:5000","http://localhost:3001"],"environment":"development","level":"info","message":"✅ Server LISTENING ON PORT 8000","service":"video-call-api","timestamp":"2026-01-23 13:14:43"}
{"database":"test","host":"ac-h0hczpc-shard-00-00.9n2tiqs.mongodb.net","level":"info","message":"✅ MongoDB Connected","service":"video-call-api","timestamp":"2026-01-23 13:14:59"}
{"corsOrigins":["http://localhost:3000","http://localhost:3001","http://localhost:5000","http://localhost:3001"],"environment":"development","level":"info","message":"✅ Server LISTENING ON PORT 8000","service":"video-call-api","timestamp":"2026-01-23 13:14:59"}
{"database":"test","host":"ac-h0hczpc-shard-00-00.9n2tiqs.mongodb.net","level":"info","message":"✅ MongoDB Connected","service":"video-call-api","timestamp":"2026-01-23 13:15:43"}
{"corsOrigins":["http://localhost:3000","http://localhost:3001","http://localhost:5000","http://localhost:3001"],"environment":"development","level":"info","message":"✅ Server LISTENING ON PORT 8000","service":"video-call-api","timestamp":"2026-01-23 13:15:43"}
{"ip":"::1","level":"info","message":"User login successful","service":"video-call-api","timestamp":"2026-01-23 13:16:10","userId":"69721ea03266779b2ce5acdb","username":"donald"}
{"level":"info","message":"User authenticated","service":"video-call-api","timestamp":"2026-01-23 13:16:12","userId":"69721ea03266779b2ce5acdb","username":"donald"}
{"level":"info","meetingCode":"d5rohhvzm09shkd23rdlyr","message":"Meeting added to history","service":"video-call-api","timestamp":"2026-01-23 13:16:12","userId":"69721ea03266779b2ce5acdb"}
{"ip":"::1","level":"info","message":"User login successful","service":"video-call-api","timestamp":"2026-01-23 13:17:03","userId":"69721fea26efec2c5826bb10","username":"modi"}
{"level":"info","message":"User authenticated","service":"video-call-api","timestamp":"2026-01-23 13:17:10","userId":"69721fea26efec2c5826bb10","username":"modi"}
{"level":"info","meetingCode":"D5ROHHVZM09SHKD23RDLYR","message":"Meeting added to history","service":"video-call-api","timestamp":"2026-01-23 13:17:10","userId":"69721fea26efec2c5826bb10"}
{"level":"info","message":"User authenticated","service":"video-call-api","timestamp":"2026-01-23 13:18:34","userId":"69721ea03266779b2ce5acdb","username":"donald"}
{"level":"info","message":"User history retrieved","service":"video-call-api","timestamp":"2026-01-23 13:18:34","userId":"69721ea03266779b2ce5acdb"}
{"level":"info","message":"User authenticated","service":"video-call-api","timestamp":"2026-01-23 13:18:34","userId":"69721ea03266779b2ce5acdb","username":"donald"}
{"level":"info","message":"User history retrieved","service":"video-call-api","timestamp":"2026-01-23 13:18:34","userId":"69721ea03266779b2ce5acdb"}
{"level":"info","message":"User authenticated","service":"video-call-api","timestamp":"2026-01-23 13:18:41","userId":"69721ea03266779b2ce5acdb","username":"donald"}
{"level":"info","meetingCode":"hkgidh9cb1e6z223ude6m","message":"Meeting added to history","service":"video-call-api","timestamp":"2026-01-23 13:18:41","userId":"69721ea03266779b2ce5acdb"}
{"level":"info","message":"User authenticated","service":"video-call-api","timestamp":"2026-01-23 13:19:46","userId":"69721fea26efec2c5826bb10","username":"modi"}
{"level":"info","meetingCode":"HKGIDH9CB1E6Z223UDE6M","message":"Meeting added to history","service":"video-call-api","timestamp":"2026-01-23 13:19:46","userId":"69721fea26efec2c5826bb10"}
{"database":"test","host":"ac-h0hczpc-shard-00-00.9n2tiqs.mongodb.net","level":"info","message":"✅ MongoDB Connected","service":"video-call-api","timestamp":"2026-01-23 13:27:58"}
{"corsOrigins":["http://localhost:3000","http://localhost:3001","http://localhost:5000","http://localhost:3001"],"environment":"development","level":"info","message":"✅ Server LISTENING ON PORT 8000","service":"video-call-api","timestamp":"2026-01-23 13:27:58"}
{"database":"test","host":"ac-h0hczpc-shard-00-00.9n2tiqs.mongodb.net","level":"info","message":"✅ MongoDB Connected","service":"video-call-api","timestamp":"2026-01-23 13:28:08"}
{"corsOrigins":["http://localhost:3000","http://localhost:3001","http://localhost:5000","http://localhost:3001"],"environment":"development","level":"info","message":"✅ Server LISTENING ON PORT 8000","service":"video-call-api","timestamp":"2026-01-23 13:28:08"}
{"database":"test","host":"ac-h0hczpc-shard-00-00.9n2tiqs.mongodb.net","level":"info","message":"✅ MongoDB Connected","service":"video-call-api","timestamp":"2026-01-23 13:28:57"}
{"corsOrigins":["http://localhost:3000","http://localhost:3001","http://localhost:5000","http://localhost:3001"],"environment":"development","level":"info","message":"✅ Server LISTENING ON PORT 8000","service":"video-call-api","timestamp":"2026-01-23 13:28:57"}
{"database":"test","host":"ac-h0hczpc-shard-00-00.9n2tiqs.mongodb.net","level":"info","message":"✅ MongoDB Connected","service":"video-call-api","timestamp":"2026-01-23 13:31:52"}
{"corsOrigins":["http://localhost:3000","http://localhost:3001","http://localhost:5000","http://localhost:3001"],"environment":"development","level":"info","message":"✅ Server LISTENING ON PORT 8000","service":"video-call-api","timestamp":"2026-01-23 13:31:52"}
{"ip":"::1","level":"info","message":"User login successful","service":"video-call-api","timestamp":"2026-01-23 13:32:11","userId":"69721fea26efec2c5826bb10","username":"modi"}
{"ip":"::1","level":"info","message":"User registered successfully","service":"video-call-api","timestamp":"2026-01-23 13:32:33","userId":"69732b195506b2d3cadbfa5c","username":"suren"}
{"ip":"::1","level":"info","message":"User login successful","service":"video-call-api","timestamp":"2026-01-23 13:32:49","userId":"69732b195506b2d3cadbfa5c","username":"suren"}
{"database":"test","host":"ac-h0hczpc-shard-00-00.9n2tiqs.mongodb.net","level":"info","message":"✅ MongoDB Connected","service":"video-call-api","timestamp":"2026-01-23 14:49:09"}
{"corsOrigins":["http://localhost:3000","http://localhost:3001","http://localhost:5000","http://localhost:3001"],"environment":"development","level":"info","message":"✅ Server LISTENING ON PORT 8000","service":"video-call-api","timestamp":"2026-01-23 14:49:09"}
{"ip":"::1","level":"info","message":"User login successful","service":"video-call-api","timestamp":"2026-01-23 14:55:40","userId":"69721fea26efec2c5826bb10","username":"modi"}
